// Jest Snapshot v1, https://goo.gl/fbAQLP

exports[`getUserRoles getUserRoles returns the correct user roles 1`] = `
Array [
  Object {
    "email": "someUser@example.com",
    "name": "someUser-test",
    "role": "owner",
  },
]
`;
