// Jest Snapshot v1, https://goo.gl/fbAQLP

exports[`collapseKeyIntoArray Works correctly 1`] = `
Array [
  "array_remove(array_agg(\\"field_key\\"), NULL) as \\"fieldJsonKey\\"",
]
`;
