// Jest Snapshot v1, https://goo.gl/fbAQLP

exports[`tests for the experiment service Create experiment data works 1`] = `
Array [
  Object {
    "ConditionExpression": "attribute_not_exists(#experimentId)",
    "ExpressionAttributeNames": Object {
      "#experimentId": "experimentId",
    },
    "ExpressionAttributeValues": Object {
      ":createdDate": Object {
        "S": "2022-01-01T00:00:00.000Z",
      },
      ":description": Object {
        "S": "Mock experiment",
      },
      ":experimentName": Object {
        "S": "test-123",
      },
      ":lastViewed": Object {
        "S": "2022-01-01T00:00:00.000Z",
      },
      ":meta": Object {
        "M": Object {},
      },
      ":notifyByEmail": Object {
        "BOOL": true,
      },
      ":processingConfig": Object {
        "M": Object {},
      },
      ":projectId": Object {
        "S": "mock-project-id",
      },
      ":sampleIds": Object {
        "S": "[\\"sample-1\\", \\"sample-2\\"]",
      },
    },
    "Key": Object {
      "experimentId": Object {
        "S": "12345",
      },
    },
    "ReturnValues": "ALL_NEW",
    "TableName": "experiments-test",
    "UpdateExpression": "SET experimentName = :experimentName,
                          createdDate = :createdDate,
                          lastViewed = :lastViewed,
                          projectId = :projectId,
                          description = :description,
                          meta = :meta,
                          processingConfig = :processingConfig,
                          sampleIds = :sampleIds,
                          notifyByEmail = :notifyByEmail",
  },
]
`;
